INFO     root:landslide.py:171 delete the url: http://10.133.6.19:8080/api/runningTests/340?action=delete
INFO     root:landslide.py:172 <Response [404]>
ERROR    root:landslide.py:174 check the url and session
ERROR    root:landslide.py:175 {
  "code": "404",
  "apiCode": 404203,
  "reason": "Running Test Not Found with RUN ID: 340",
  "url": "http://10.133.6.19:8080/api/runningTests/340?action=delete"
}

INFO     root:landslide.py:171 delete the url: http://10.133.6.19:8080/api/runningTests/341?action=delete
INFO     root:landslide.py:172 <Response [404]>
ERROR    root:landslide.py:174 check the url and session
ERROR    root:landslide.py:175 {
  "code": "404",
  "apiCode": 404203,
  "reason": "Running Test Not Found with RUN ID: 341",
  "url": "http://10.133.6.19:8080/api/runningTests/341?action=delete"
}

INFO     root:landslide.py:171 delete the url: http://10.133.6.19:8080/api/runningTests/342?action=delete
INFO     root:landslide.py:172 <Response [200]>
INFO     root:landslide.py:178 {
   "result": "Running test session object deleted",
   "url": "http://10.133.6.19:8080/api/runningTests/342",
   "measurementsUrl": "http://10.133.6.19:8080/api/runningTests/342/measurements",
   "criteriaUrl": "http://10.133.6.19:8080/api/runningTests/342/criteria",
   "perSessionReportStatusUrl": "http://10.133.6.19:8080/api/runningTests/342/persessionreportstatus",
   "noteToUser": "Be sure to HTTP-DELETE this RESTful API controlled resource when done",
   "id": 342,
   "library": 10828,
   "name": "case_001_pdu_establishment",
   "user": "qinglong",
   "criteriaStatus": "FAILED",
   "testStateOrStep": "COMPLETE",
   "resultFilesList": [
      "http://10.133.6.19/results/qinglong/19-09-01_22.13.47__RID-342__case_001_pdu_establishment.log.txt",
      "http://10.133.6.19/results/qinglong/19-09-01_22.13.47__RID-342__case_001_pdu_establishment.xls",
      "http://10.133.6.19/results/qinglong/19-09-01_22.13.47__RID-342__ts0_eth1_capture.pcap"
    ]
}

INFO     root:landslide.py:171 delete the url: http://10.133.6.19:8080/api/runningTests/343?action=delete
INFO     root:landslide.py:172 <Response [404]>
ERROR    root:landslide.py:174 check the url and session
ERROR    root:landslide.py:175 {
  "code": "404",
  "apiCode": 404203,
  "reason": "Running Test Not Found with RUN ID: 343",
  "url": "http://10.133.6.19:8080/api/runningTests/343?action=delete"
}

INFO     root:landslide.py:171 delete the url: http://10.133.6.19:8080/api/runningTests/344?action=delete
INFO     root:landslide.py:172 <Response [404]>
ERROR    root:landslide.py:174 check the url and session
ERROR    root:landslide.py:175 {
  "code": "404",
  "apiCode": 404203,
  "reason": "Running Test Not Found with RUN ID: 344",
  "url": "http://10.133.6.19:8080/api/runningTests/344?action=delete"
}

INFO     root:landslide.py:171 delete the url: http://10.133.6.19:8080/api/runningTests/345?action=delete
INFO     root:landslide.py:172 <Response [404]>
ERROR    root:landslide.py:174 check the url and session
ERROR    root:landslide.py:175 {
  "code": "404",
  "apiCode": 404203,
  "reason": "Running Test Not Found with RUN ID: 345",
  "url": "http://10.133.6.19:8080/api/runningTests/345?action=delete"
}

INFO     root:landslide.py:171 delete the url: http://10.133.6.19:8080/api/runningTests/346?action=delete
INFO     root:landslide.py:172 <Response [404]>
ERROR    root:landslide.py:174 check the url and session
ERROR    root:landslide.py:175 {
  "code": "404",
  "apiCode": 404203,
  "reason": "Running Test Not Found with RUN ID: 346",
  "url": "http://10.133.6.19:8080/api/runningTests/346?action=delete"
}

INFO     root:landslide.py:171 delete the url: http://10.133.6.19:8080/api/runningTests/347?action=delete
INFO     root:landslide.py:172 <Response [200]>
INFO     root:landslide.py:178 {
   "result": "Running test session object deleted",
   "url": "http://10.133.6.19:8080/api/runningTests/347",
   "measurementsUrl": "http://10.133.6.19:8080/api/runningTests/347/measurements",
   "criteriaUrl": "http://10.133.6.19:8080/api/runningTests/347/criteria",
   "perSessionReportStatusUrl": "http://10.133.6.19:8080/api/runningTests/347/persessionreportstatus",
   "noteToUser": "Be sure to HTTP-DELETE this RESTful API controlled resource when done",
   "id": 347,
   "library": 10828,
   "name": "case_001_pdu_establishment",
   "user": "qinglong",
   "criteriaStatus": "FAILED",
   "testStateOrStep": "COMPLETE_ERROR",
   "resultFilesList": [
      "http://10.133.6.19/results/qinglong/19-09-01_22.30.56__RID-347__case_001_pdu_establishment.log.txt",
      "http://10.133.6.19/results/qinglong/19-09-01_22.30.56__RID-347__case_001_pdu_establishment.xls"
    ]
}

INFO     root:landslide.py:171 delete the url: http://10.133.6.19:8080/api/runningTests/348?action=delete
INFO     root:landslide.py:172 <Response [404]>
ERROR    root:landslide.py:174 check the url and session
ERROR    root:landslide.py:175 {
  "code": "404",
  "apiCode": 404203,
  "reason": "Running Test Not Found with RUN ID: 348",
  "url": "http://10.133.6.19:8080/api/runningTests/348?action=delete"
}

INFO     root:landslide.py:171 delete the url: http://10.133.6.19:8080/api/runningTests/349?action=delete
INFO     root:landslide.py:172 <Response [404]>
ERROR    root:landslide.py:174 check the url and session
ERROR    root:landslide.py:175 {
  "code": "404",
  "apiCode": 404203,
  "reason": "Running Test Not Found with RUN ID: 349",
  "url": "http://10.133.6.19:8080/api/runningTests/349?action=delete"
}

INFO     root:landslide.py:171 delete the url: http://10.133.6.19:8080/api/runningTests/350?action=delete
INFO     root:landslide.py:172 <Response [404]>
ERROR    root:landslide.py:174 check the url and session
ERROR    root:landslide.py:175 {
  "code": "404",
  "apiCode": 404203,
  "reason": "Running Test Not Found with RUN ID: 350",
  "url": "http://10.133.6.19:8080/api/runningTests/350?action=delete"
}

INFO     root:landslide.py:171 delete the url: http://10.133.6.19:8080/api/runningTests/351?action=delete
INFO     root:landslide.py:172 <Response [404]>
ERROR    root:landslide.py:174 check the url and session
ERROR    root:landslide.py:175 {
  "code": "404",
  "apiCode": 404203,
  "reason": "Running Test Not Found with RUN ID: 351",
  "url": "http://10.133.6.19:8080/api/runningTests/351?action=delete"
}

INFO     root:landslide.py:171 delete the url: http://10.133.6.19:8080/api/runningTests/352?action=delete
INFO     root:landslide.py:172 <Response [404]>
ERROR    root:landslide.py:174 check the url and session
ERROR    root:landslide.py:175 {
  "code": "404",
  "apiCode": 404203,
  "reason": "Running Test Not Found with RUN ID: 352",
  "url": "http://10.133.6.19:8080/api/runningTests/352?action=delete"
}

INFO     root:landslide.py:171 delete the url: http://10.133.6.19:8080/api/runningTests/353?action=delete
INFO     root:landslide.py:172 <Response [200]>
INFO     root:landslide.py:178 {
   "result": "Running test session object deleted",
   "url": "http://10.133.6.19:8080/api/runningTests/353",
   "measurementsUrl": "http://10.133.6.19:8080/api/runningTests/353/measurements",
   "criteriaUrl": "http://10.133.6.19:8080/api/runningTests/353/criteria",
   "perSessionReportStatusUrl": "http://10.133.6.19:8080/api/runningTests/353/persessionreportstatus",
   "noteToUser": "Be sure to HTTP-DELETE this RESTful API controlled resource when done",
   "id": 353,
   "library": 10828,
   "name": "case_001_pdu_establishment",
   "user": "qinglong",
   "criteriaStatus": "FAILED",
   "testStateOrStep": "COMPLETE_ERROR",
   "resultFilesList": [
      "http://10.133.6.19/results/qinglong/19-09-02_01.05.08__RID-353__case_001_pdu_establishment.log.txt",
      "http://10.133.6.19/results/qinglong/19-09-02_01.05.08__RID-353__case_001_pdu_establishment.xls"
    ]
}

INFO     root:landslide.py:171 delete the url: http://10.133.6.19:8080/api/runningTests/354?action=delete
INFO     root:landslide.py:172 <Response [404]>
ERROR    root:landslide.py:174 check the url and session
ERROR    root:landslide.py:175 {
  "code": "404",
  "apiCode": 404203,
  "reason": "Running Test Not Found with RUN ID: 354",
  "url": "http://10.133.6.19:8080/api/runningTests/354?action=delete"
}

INFO     root:landslide.py:171 delete the url: http://10.133.6.19:8080/api/runningTests/355?action=delete
INFO     root:landslide.py:172 <Response [404]>
ERROR    root:landslide.py:174 check the url and session
ERROR    root:landslide.py:175 {
  "code": "404",
  "apiCode": 404203,
  "reason": "Running Test Not Found with RUN ID: 355",
  "url": "http://10.133.6.19:8080/api/runningTests/355?action=delete"
}

INFO     root:landslide.py:171 delete the url: http://10.133.6.19:8080/api/runningTests/356?action=delete
INFO     root:landslide.py:172 <Response [404]>
ERROR    root:landslide.py:174 check the url and session
ERROR    root:landslide.py:175 {
  "code": "404",
  "apiCode": 404203,
  "reason": "Running Test Not Found with RUN ID: 356",
  "url": "http://10.133.6.19:8080/api/runningTests/356?action=delete"
}

INFO     root:landslide.py:171 delete the url: http://10.133.6.19:8080/api/runningTests/357?action=delete
INFO     root:landslide.py:172 <Response [404]>
ERROR    root:landslide.py:174 check the url and session
ERROR    root:landslide.py:175 {
  "code": "404",
  "apiCode": 404203,
  "reason": "Running Test Not Found with RUN ID: 357",
  "url": "http://10.133.6.19:8080/api/runningTests/357?action=delete"
}

INFO     root:landslide.py:171 delete the url: http://10.133.6.19:8080/api/runningTests/358?action=delete
INFO     root:landslide.py:172 <Response [404]>
ERROR    root:landslide.py:174 check the url and session
ERROR    root:landslide.py:175 {
  "code": "404",
  "apiCode": 404203,
  "reason": "Running Test Not Found with RUN ID: 358",
  "url": "http://10.133.6.19:8080/api/runningTests/358?action=delete"
}

INFO     root:landslide.py:171 delete the url: http://10.133.6.19:8080/api/runningTests/359?action=delete
INFO     root:landslide.py:172 <Response [404]>
ERROR    root:landslide.py:174 check the url and session
ERROR    root:landslide.py:175 {
  "code": "404",
  "apiCode": 404203,
  "reason": "Running Test Not Found with RUN ID: 359",
  "url": "http://10.133.6.19:8080/api/runningTests/359?action=delete"
}

